// Jest Snapshot v1, https://goo.gl/fbAQLP

exports[`async events 1`] = `
Array [
  Object {
    "cat": "app",
    "id": 0,
    "name": "launch app [com.example.App1]",
    "ph": "b",
    "pid": 1,
    "tid": 0,
    "ts": 0,
  },
  Object {
    "cat": "app",
    "id": 0,
    "name": "install app",
    "ph": "b",
    "pid": 1,
    "tid": 0,
    "ts": 0,
  },
  Object {
    "cat": "app",
    "id": 0,
    "name": "install app",
    "ph": "e",
    "pid": 1,
    "tid": 0,
    "ts": 8000000,
  },
  Object {
    "cat": "app",
    "id": 0,
    "name": "launch app [com.example.App1]",
    "ph": "e",
    "pid": 1,
    "tid": 0,
    "ts": 10000000,
  },
  Object {
    "cat": "app",
    "id": 1,
    "name": "launch app [com.example.App2]",
    "ph": "b",
    "pid": 1,
    "tid": 0,
    "ts": 2000000,
  },
  Object {
    "cat": "app",
    "id": 1,
    "name": "install app",
    "ph": "b",
    "pid": 1,
    "tid": 0,
    "ts": 2000000,
  },
  Object {
    "cat": "app",
    "id": 1,
    "name": "install app",
    "ph": "e",
    "pid": 1,
    "tid": 0,
    "ts": 8000000,
  },
  Object {
    "cat": "app",
    "id": 1,
    "name": "launch app [com.example.App2]",
    "ph": "e",
    "pid": 1,
    "tid": 0,
    "ts": 12000000,
  },
]
`;
