// Jest Snapshot v1, https://goo.gl/fbAQLP

exports[`multiple processes 1`] = `
Array [
  Object {
    "args": Object {
      "name": "cli",
    },
    "name": "process_name",
    "ph": "M",
    "pid": 1,
    "tid": 0,
    "ts": 0,
  },
  Object {
    "args": Object {
      "name": "jest",
    },
    "name": "process_name",
    "ph": "M",
    "pid": 2,
    "tid": 0,
    "ts": 0,
  },
  Object {
    "cat": "spawn",
    "dur": 2500000,
    "name": "jest --runInBand",
    "ph": "X",
    "pid": 1,
    "tid": 0,
    "ts": 0,
  },
  Object {
    "cat": "run",
    "dur": 1000000,
    "name": "01.test.js",
    "ph": "X",
    "pid": 2,
    "tid": 0,
    "ts": 250000,
  },
  Object {
    "cat": "run",
    "dur": 1000000,
    "name": "02.test.js",
    "ph": "X",
    "pid": 2,
    "tid": 0,
    "ts": 1250000,
  },
]
`;

exports[`multiple threads 1`] = `
Array [
  Object {
    "cat": "device",
    "name": "boot",
    "ph": "B",
    "pid": 1,
    "tid": 1,
    "ts": 0,
  },
  Object {
    "ph": "E",
    "pid": 1,
    "tid": 1,
    "ts": 1000000,
  },
  Object {
    "cat": "device",
    "dur": 750000,
    "name": "install app",
    "ph": "X",
    "pid": 1,
    "tid": 1,
    "ts": 1250000,
  },
  Object {
    "cat": "device",
    "dur": 250000,
    "name": "launch app",
    "ph": "X",
    "pid": 1,
    "tid": 1,
    "ts": 4000000,
  },
  Object {
    "cat": "lifecycle",
    "name": "Dashboard - should have a currency widget",
    "ph": "B",
    "pid": 1,
    "tid": 0,
    "ts": 3000000,
  },
  Object {
    "cat": "lifecycle",
    "name": "beforeEach",
    "ph": "B",
    "pid": 1,
    "tid": 0,
    "ts": 4000000,
  },
  Object {
    "ph": "E",
    "pid": 1,
    "tid": 0,
    "ts": 5000000,
  },
  Object {
    "cat": "lifecycle",
    "name": "testFn",
    "ph": "B",
    "pid": 1,
    "tid": 0,
    "ts": 6000000,
  },
  Object {
    "ph": "E",
    "pid": 1,
    "tid": 0,
    "ts": 8000000,
  },
  Object {
    "cat": "lifecycle",
    "name": "afterEach",
    "ph": "B",
    "pid": 1,
    "tid": 0,
    "ts": 9000000,
  },
  Object {
    "ph": "E",
    "pid": 1,
    "tid": 0,
    "ts": 10000000,
  },
  Object {
    "ph": "E",
    "pid": 1,
    "tid": 0,
    "ts": 11000000,
  },
  Object {
    "args": Object {
      "name": "Test lifecycle",
    },
    "name": "thread_name",
    "ph": "M",
    "pid": 1,
    "tid": 0,
    "ts": 0,
  },
  Object {
    "args": Object {
      "name": "Device",
    },
    "name": "thread_name",
    "ph": "M",
    "pid": 1,
    "tid": 1,
    "ts": 0,
  },
  Object {
    "args": Object {
      "sort_index": 2,
    },
    "name": "thread_sort_index",
    "ph": "M",
    "pid": 1,
    "tid": 0,
    "ts": 0,
  },
  Object {
    "args": Object {
      "sort_index": 1,
    },
    "name": "thread_sort_index",
    "ph": "M",
    "pid": 1,
    "tid": 1,
    "ts": 0,
  },
]
`;

exports[`single process 1`] = `
Array [
  Object {
    "args": Object {
      "testTimeout": 60000,
    },
    "cat": "config",
    "name": "Resolve config",
    "ph": "i",
    "pid": 1,
    "tid": 0,
    "ts": 0,
  },
  Object {
    "cat": "device",
    "name": "Boot a device",
    "ph": "B",
    "pid": 1,
    "tid": 0,
    "ts": 0,
  },
  Object {
    "ph": "E",
    "pid": 1,
    "tid": 0,
    "ts": 1000000,
  },
  Object {
    "cat": "test",
    "name": "Run a test suite",
    "ph": "B",
    "pid": 1,
    "tid": 0,
    "ts": 1000000,
  },
  Object {
    "ph": "E",
    "pid": 1,
    "tid": 0,
    "ts": 10000000,
  },
  Object {
    "cat": "device",
    "dur": 3000000,
    "name": "Shutdown the device",
    "ph": "X",
    "pid": 1,
    "tid": 0,
    "ts": 10000000,
  },
]
`;
